### 1. 診斷是否成立？

**診斷不成立，因果推論存有嚴重的歸因謬誤與漏洞。**

首先，「環境問題」與「Repo 契約」並非二元對立。提案列舉的 TOOL（如 pnpm 10 攔截 `deploy`）與 PLATACCT（如 token 缺 Actions 權限、無 terraform），本質上是上游 Repo **未在 build_requirements 或契約中清晰宣告前置依賴與權限需求**。這是舊契約「宣告廣度不夠」，而非「Repo 契約層次錯位或無效」。只要 Repo 契約補上「前置依賴清單」，harness 在 clone 前即可檢查完成。

其次，**未經第三方複核的人工分類極具主觀偏見**。維護者有強烈的誘因將「因 Repo 契約寫得太含糊導致 Agent 在執行期踩雷」的事件，劃歸為「環境原罪（TOOL/PLATACCT）」，藉此人為灌水拉高 44% 的數字，替推出新 schema 尋找合理性。

最後，將「當日 AI 額度耗盡」這類動態不可抗力歸為環境缺陷，並導出「舊契約無效」，是假議題——探針也無法解決額度不足。提案實質上是將「契約內容不全」誤診為「層次錨定錯誤」。

---

### 2. 四個機制的優先序對嗎？

**優先序嚴重錯誤。** 提案採用的「事件數×跨專案廣度」排序準則有致命瑕疵：**它完全忽略了「成功率貢獻度」與「主持人的核心要求」。**

主持人的要求是「讓部署更完整地成功」，但提案排第一的機制 A（探針，11 筆），提案自己都承認 **完全無法提高成功率**，只能做到「快速失敗」。把一個防守性、只負責提前報錯的工具放在最高優先級，完全違背了優化目標。

**若重新排序，順序必須為：機制 C（效果斷言） > 機制 E（工具陷阱） > 機制 A（前置探針） > 機制 D+B。**

- **C 必須排第一**：`exit code 0` 的靜默失敗（如套件漏裝、資源未刪除）會引發後續步驟的毒性連鎖崩潰。執行當下的效果斷言能實質阻止假成功，對「部署完整度與成功率」提升最直接。
- **E 排第二**：這是提案中唯一能產生知識複利、實質補足 Agent 盲點並防止重複踩雷的機制。
- **A 退居第三**：探針僅能告警，無法修復任何失敗。

---

### 3. 機制 A 的設計有沒有致命缺陷？

**有三個致命缺陷，`on_fail: degrade` ＋ `degrade_to` 的設計極易引發新災難：**

1. **製造「假成功」與測試空窗**：上游專案的降級狀態（如 `kv-only`）通常未經過原作者的完整 CI 測試。讓 Agent 事先宣告並自動降級，極可能部署出一個功能閺割但 `exit 0` 的半成品，欺騙驗收系統，導致部署品質失真。
2. **組合爆炸與維護噩夢**：若專案同時依賴 R2、Vectorize、D1，降級狀態組合高達 $2^3=8$ 種。要求 Adapter 維護者為每種組合編寫探針與配置，會帶來龐大的維護負擔與邏輯漏洞。
3. **違背使用者真實意圖**：使用者部署「R2 圖床專案」就是為了 R2 功能，降級成 KV 部署會讓該次部署完全失去實用價值。臨場降級不如直接清晰報錯並中止，交由使用者開通權限。

降級語義不應納入標準契約，探針應維持極簡的 Pass/Fail 阻斷。

---

### 3b. `attribution: environment` 會不會被濫用？

**極易被濫用。** Adapter 作者具有強烈的誘因將「自己設定檔寫錯」包裝成「環境限制」（例如：將 `wrangler.jsonc` 欄位錯誤寫成探針檢查，宣告為權限不足），從而規避專案缺陷的責任，維護服務卡評分。

**防範機制：**

1. **嚴禁自訂任意 Shell 腳本**：探針不可以允許 YAML 編寫自由度過高的 `run` 腳本，必須限定使用 harness 內建、白名單化的標準 Validation 原語（如 SDK `whoami`）。
2. **導入交叉驗證審計（Counter-Audit）**：當 probe 觸發環境歸因時，harness 若偵測到同帳號下其他專案可正常調用該平台資源，系統應自動判定該探針寫錯，並將懲罰歸因加倍扣在專案頭上。
3. **探針語義隔離**：探針僅能讀取平台標準 API，嚴禁注入專案特定的領域邏輯。

---

### 4. 提案漏了什麼？

提案漏掉了最核心的機制：**「部署後端到端語意驗收與動態修復迴圈（Post-Deployment E2E Semantic Probe & Remediation Loop）」**。

**理由：**
現有提案全數停留在「部署前（A/E）」與「單一指令執行當下（C）」，完全忽略了 Cloudflare 部署中最常見的「指令全過，但服務根本連不上」的終極失敗。

實務中大量失敗發生在部署完成後：例如 Custom Domain DNS 尚未生效、Worker 到 D1/KV 的 Binding 變數大小寫不匹配、CORS 配置錯誤、路由匹配失敗等。這些在 CLI `deploy exit 0` 當下完全不可見。

**必須補上：** 部署完成後的端到端（E2E） HTTP 語意探針，要求 harness 對真實 Route 發起請求驗收；若失敗，必須結合 Agent 即時日誌（`wrangler tail`）進行動態修復迴圈。未包含此機制，系統永遠無法保證部署出的服務是「真正可用」的。

---

### 5. 誠實邊界畫得對嗎？

**提案的自我設限仍然過度樂觀，且存有策略性的概念偷換。**

首先，**過度高估了機制 E 的複利能力**。`tool-traps.yaml` 假設工具鏈陷阱能被靜態規則匹配，但現實中工具鏈問題高度依賴動態環境交錯（例如 Node 22 + pnpm 10 + wrangler 4 的特定組合）。靜態 traps 很快會因版本升級而過期，甚至產生過多假陽性（False Positives）誤導 Agent 正常的推理。

其次，**機制 C 的實例過度集中於卸載階段**。提案中 C 類的例子（D1 delete、queue delete、r2 bucket delete）高比例發生在 Teardown/Uninstall，對「首次部署成功率」的實質貢獻微乎其微。

最後，提案雖然誠實承認「不保證成功率上升」，但本質上是將主持人的要求「提高成功率」，偷偷替換成「讓失敗變得更快、歸因更具體（Fail-fast）」。這是一種避重就輕的包裝，掩蓋了該提案依然無法提升部署成功率的殘酷現實。
